
> viralboost-ai@1.0.0 build
> NODE_OPTIONS=--max_old_space_size=8192 next build

  ▲ Next.js 14.2.35
  - Environments: .env.local

   Creating an optimized production build ...
 ✓ Compiled successfully
   Linting and checking validity of types ...

./app/admin/super/layout.tsx
28:6  Warning: React Hook useEffect has a missing dependency: 'router'. Either include it or remove the dependency array.  react-hooks/exhaustive-deps

./app/admin/super/page.tsx
378:6  Warning: React Hook useEffect has a missing dependency: 'fetchCollections'. Either include it or remove the dependency array.  react-hooks/exhaustive-deps

./app/admin/super/platform-controls/page.tsx
48:8  Warning: React Hook useEffect has a missing dependency: 'fetchData'. Either include it or remove the dependency array.  react-hooks/exhaustive-deps

./app/admin/super/support/page.tsx
29:8  Warning: React Hook useEffect has a missing dependency: 'fetchTickets'. Either include it or remove the dependency array.  react-hooks/exhaustive-deps

./app/admin/super/users/page.tsx
40:56  Warning: React Hook useEffect has missing dependencies: 'load' and 'search'. Either include them or remove the dependency array.  react-hooks/exhaustive-deps

./app/ai/thumbnail-generator/page.tsx
48:13  Warning: Image elements must have an alt prop, either with meaningful text, or an empty string for decorative images.  jsx-a11y/alt-text

./app/auth/page.tsx
147:6  Warning: React Hook useEffect has a missing dependency: 'searchParams'. Either include it or remove the dependency array.  react-hooks/exhaustive-deps
399:13  Warning: Using `<img>` could result in slower LCP and higher bandwidth. Consider using `<Image />` from `next/image` to automatically optimize images. This may incur additional usage or cost from your provider. See: https://nextjs.org/docs/messages/no-img-element  @next/next/no-img-element

./app/dashboard/channels/page.tsx
107:37  Warning: Using `<img>` could result in slower LCP and higher bandwidth. Consider using `<Image />` from `next/image` to automatically optimize images. This may incur additional usage or cost from your provider. See: https://nextjs.org/docs/messages/no-img-element  @next/next/no-img-element

./app/dashboard/viral-optimizer/page.tsx
264:25  Warning: Using `<img>` could result in slower LCP and higher bandwidth. Consider using `<Image />` from `next/image` to automatically optimize images. This may incur additional usage or cost from your provider. See: https://nextjs.org/docs/messages/no-img-element  @next/next/no-img-element

./app/dashboard/youtube-seo/page.tsx
937:25  Warning: Using `<img>` could result in slower LCP and higher bandwidth. Consider using `<Image />` from `next/image` to automatically optimize images. This may incur additional usage or cost from your provider. See: https://nextjs.org/docs/messages/no-img-element  @next/next/no-img-element
1688:48  Warning: Using `<img>` could result in slower LCP and higher bandwidth. Consider using `<Image />` from `next/image` to automatically optimize images. This may incur additional usage or cost from your provider. See: https://nextjs.org/docs/messages/no-img-element  @next/next/no-img-element
1734:29  Warning: Using `<img>` could result in slower LCP and higher bandwidth. Consider using `<Image />` from `next/image` to automatically optimize images. This may incur additional usage or cost from your provider. See: https://nextjs.org/docs/messages/no-img-element  @next/next/no-img-element

./app/forgot-password/page.tsx
91:13  Warning: Using `<img>` could result in slower LCP and higher bandwidth. Consider using `<Image />` from `next/image` to automatically optimize images. This may incur additional usage or cost from your provider. See: https://nextjs.org/docs/messages/no-img-element  @next/next/no-img-element

./app/page.tsx
187:17  Warning: Using `<img>` could result in slower LCP and higher bandwidth. Consider using `<Image />` from `next/image` to automatically optimize images. This may incur additional usage or cost from your provider. See: https://nextjs.org/docs/messages/no-img-element  @next/next/no-img-element

./app/support/[id]/page.tsx
24:8  Warning: React Hook useEffect has a missing dependency: 'fetchTicketThread'. Either include it or remove the dependency array.  react-hooks/exhaustive-deps

./app/tools/youtube-growth/page.tsx
48:6  Warning: React Hook useEffect has a missing dependency: 'fetchData'. Either include it or remove the dependency array.  react-hooks/exhaustive-deps

./app/user/[uniqueId]/page.tsx
77:6  Warning: React Hook useEffect has a missing dependency: 'router'. Either include it or remove the dependency array.  react-hooks/exhaustive-deps

./app/videos/[id]/page.tsx
120:19  Warning: Using `<img>` could result in slower LCP and higher bandwidth. Consider using `<Image />` from `next/image` to automatically optimize images. This may incur additional usage or cost from your provider. See: https://nextjs.org/docs/messages/no-img-element  @next/next/no-img-element

./app/videos/page.tsx
122:21  Warning: Using `<img>` could result in slower LCP and higher bandwidth. Consider using `<Image />` from `next/image` to automatically optimize images. This may incur additional usage or cost from your provider. See: https://nextjs.org/docs/messages/no-img-element  @next/next/no-img-element

./components/Navbar.tsx
79:9  Warning: Using `<img>` could result in slower LCP and higher bandwidth. Consider using `<Image />` from `next/image` to automatically optimize images. This may incur additional usage or cost from your provider. See: https://nextjs.org/docs/messages/no-img-element  @next/next/no-img-element

./components/Sidebar.tsx
126:17  Warning: Using `<img>` could result in slower LCP and higher bandwidth. Consider using `<Image />` from `next/image` to automatically optimize images. This may incur additional usage or cost from your provider. See: https://nextjs.org/docs/messages/no-img-element  @next/next/no-img-element

./components/TrackingScript.tsx
83:6  Warning: React Hook useEffect has a missing dependency: 'pathname'. Either include it or remove the dependency array.  react-hooks/exhaustive-deps

./components/admin/PlanConfigEditor.tsx
176:6  Warning: React Hook useEffect has a missing dependency: 'fetchPlans'. Either include it or remove the dependency array.  react-hooks/exhaustive-deps

./components/admin/YtSeoSectionControl.tsx
68:41  Warning: React Hook useEffect has a missing dependency: 'fetchSections'. Either include it or remove the dependency array.  react-hooks/exhaustive-deps

info  - Need to disable some ESLint rules? Learn more here: https://nextjs.org/docs/basic-features/eslint#disabling-rules
